------------------------------------------------------------
Timing Analyzer Summary
------------------------------------------------------------

Type  : Slow 1200mV 100C Model Setup 'pll_inst|altpll_component|auto_generated|pll1|clk[0]'
Slack : -1.799
TNS   : -32.781

Type  : Slow 1200mV 100C Model Setup 'pll_inst|altpll_component|auto_generated|pll1|clk[1]'
Slack : 1.020
TNS   : 0.000

Type  : Slow 1200mV 100C Model Hold 'pll_inst|altpll_component|auto_generated|pll1|clk[1]'
Slack : 0.316
TNS   : 0.000

Type  : Slow 1200mV 100C Model Hold 'pll_inst|altpll_component|auto_generated|pll1|clk[0]'
Slack : 0.398
TNS   : 0.000

Type  : Slow 1200mV 100C Model Minimum Pulse Width 'CLK'
Slack : -0.667
TNS   : -0.667

Type  : Slow 1200mV 100C Model Minimum Pulse Width 'pll_inst|altpll_component|auto_generated|pll1|clk[0]'
Slack : 0.833
TNS   : 0.000

Type  : Slow 1200mV 100C Model Minimum Pulse Width 'pll_inst|altpll_component|auto_generated|pll1|clk[1]'
Slack : 56.275
TNS   : 0.000

Type  : Slow 1200mV -40C Model Setup 'pll_inst|altpll_component|auto_generated|pll1|clk[0]'
Slack : -0.938
TNS   : -7.883

Type  : Slow 1200mV -40C Model Setup 'pll_inst|altpll_component|auto_generated|pll1|clk[1]'
Slack : 1.235
TNS   : 0.000

Type  : Slow 1200mV -40C Model Hold 'pll_inst|altpll_component|auto_generated|pll1|clk[1]'
Slack : 0.307
TNS   : 0.000

Type  : Slow 1200mV -40C Model Hold 'pll_inst|altpll_component|auto_generated|pll1|clk[0]'
Slack : 0.328
TNS   : 0.000

Type  : Slow 1200mV -40C Model Minimum Pulse Width 'CLK'
Slack : -0.667
TNS   : -0.667

Type  : Slow 1200mV -40C Model Minimum Pulse Width 'pll_inst|altpll_component|auto_generated|pll1|clk[0]'
Slack : 0.833
TNS   : 0.000

Type  : Slow 1200mV -40C Model Minimum Pulse Width 'pll_inst|altpll_component|auto_generated|pll1|clk[1]'
Slack : 56.263
TNS   : 0.000

Type  : Fast 1200mV -40C Model Setup 'pll_inst|altpll_component|auto_generated|pll1|clk[0]'
Slack : 0.912
TNS   : 0.000

Type  : Fast 1200mV -40C Model Setup 'pll_inst|altpll_component|auto_generated|pll1|clk[1]'
Slack : 2.200
TNS   : 0.000

Type  : Fast 1200mV -40C Model Hold 'pll_inst|altpll_component|auto_generated|pll1|clk[1]'
Slack : 0.115
TNS   : 0.000

Type  : Fast 1200mV -40C Model Hold 'pll_inst|altpll_component|auto_generated|pll1|clk[0]'
Slack : 0.169
TNS   : 0.000

Type  : Fast 1200mV -40C Model Minimum Pulse Width 'CLK'
Slack : -0.667
TNS   : -0.667

Type  : Fast 1200mV -40C Model Minimum Pulse Width 'pll_inst|altpll_component|auto_generated|pll1|clk[0]'
Slack : 1.333
TNS   : 0.000

Type  : Fast 1200mV -40C Model Minimum Pulse Width 'pll_inst|altpll_component|auto_generated|pll1|clk[1]'
Slack : 56.393
TNS   : 0.000

------------------------------------------------------------
