------------------------------------------------------------
Timing Analyzer Summary
------------------------------------------------------------

Type  : Slow 1200mV 100C Model Setup 'pll_inst|altpll_component|auto_generated|pll1|clk[0]'
Slack : -1.279
TNS   : -26.573

Type  : Slow 1200mV 100C Model Setup 'pll_inst|altpll_component|auto_generated|pll1|clk[1]'
Slack : 1.131
TNS   : 0.000

Type  : Slow 1200mV 100C Model Hold 'pll_inst|altpll_component|auto_generated|pll1|clk[1]'
Slack : 0.338
TNS   : 0.000

Type  : Slow 1200mV 100C Model Hold 'pll_inst|altpll_component|auto_generated|pll1|clk[0]'
Slack : 0.396
TNS   : 0.000

Type  : Slow 1200mV 100C Model Minimum Pulse Width 'CLK'
Slack : -0.667
TNS   : -0.667

Type  : Slow 1200mV 100C Model Minimum Pulse Width 'pll_inst|altpll_component|auto_generated|pll1|clk[0]'
Slack : 0.833
TNS   : 0.000

Type  : Slow 1200mV 100C Model Minimum Pulse Width 'pll_inst|altpll_component|auto_generated|pll1|clk[1]'
Slack : 56.276
TNS   : 0.000

Type  : Slow 1200mV -40C Model Setup 'pll_inst|altpll_component|auto_generated|pll1|clk[0]'
Slack : -0.476
TNS   : -5.261

Type  : Slow 1200mV -40C Model Setup 'pll_inst|altpll_component|auto_generated|pll1|clk[1]'
Slack : 1.377
TNS   : 0.000

Type  : Slow 1200mV -40C Model Hold 'pll_inst|altpll_component|auto_generated|pll1|clk[0]'
Slack : 0.327
TNS   : 0.000

Type  : Slow 1200mV -40C Model Hold 'pll_inst|altpll_component|auto_generated|pll1|clk[1]'
Slack : 0.341
TNS   : 0.000

Type  : Slow 1200mV -40C Model Minimum Pulse Width 'CLK'
Slack : -0.667
TNS   : -0.667

Type  : Slow 1200mV -40C Model Minimum Pulse Width 'pll_inst|altpll_component|auto_generated|pll1|clk[0]'
Slack : 0.833
TNS   : 0.000

Type  : Slow 1200mV -40C Model Minimum Pulse Width 'pll_inst|altpll_component|auto_generated|pll1|clk[1]'
Slack : 56.285
TNS   : 0.000

Type  : Fast 1200mV -40C Model Setup 'pll_inst|altpll_component|auto_generated|pll1|clk[0]'
Slack : 1.157
TNS   : 0.000

Type  : Fast 1200mV -40C Model Setup 'pll_inst|altpll_component|auto_generated|pll1|clk[1]'
Slack : 2.260
TNS   : 0.000

Type  : Fast 1200mV -40C Model Hold 'pll_inst|altpll_component|auto_generated|pll1|clk[1]'
Slack : 0.127
TNS   : 0.000

Type  : Fast 1200mV -40C Model Hold 'pll_inst|altpll_component|auto_generated|pll1|clk[0]'
Slack : 0.168
TNS   : 0.000

Type  : Fast 1200mV -40C Model Minimum Pulse Width 'CLK'
Slack : -0.667
TNS   : -0.667

Type  : Fast 1200mV -40C Model Minimum Pulse Width 'pll_inst|altpll_component|auto_generated|pll1|clk[0]'
Slack : 1.333
TNS   : 0.000

Type  : Fast 1200mV -40C Model Minimum Pulse Width 'pll_inst|altpll_component|auto_generated|pll1|clk[1]'
Slack : 56.395
TNS   : 0.000

------------------------------------------------------------
